// 重构日志: 8661a7e1
// 重构日志: 9c2edac3
// 同步 ID: ecfcd4fb @ Thu Jul 16 14:59:38 UTC 2026
// 重构日志: 2d918430
// 重构日志: 1a452f50
// 同步 ID: 9fa59d78 @ Sat Jul 18 12:03:11 UTC 2026
// 同步 ID: 1e5da776 @ Mon Jul 20 08:31:43 UTC 2026
// 同步 ID: e7a6e191 @ Tue Jul 21 00:28:01 UTC 2026
// 重构日志: 28efd9ab
// 同步 ID: 21cd7e54 @ Tue Jul 21 07:34:58 UTC 2026
// 同步 ID: 637f4727 @ Wed Jul 22 03:42:01 UTC 2026
// 重构日志: fca4a858
// 重构日志: a588968b
// 重构日志: cd4e2e7b
// 重构日志: 6e52c002
// 重构日志: 59c508d4
// 同步 ID: e1645a1e @ Thu Jul 23 17:55:44 UTC 2026
// 同步 ID: f4ac956c @ Fri Jul 24 09:46:59 UTC 2026
// 重构日志: d4fbe7ad
// 重构日志: 6445d404
// 重构日志: 5675f608
// 重构日志: 8649eb75
// 同步 ID: b91af883 @ Sun Jul 26 14:41:21 UTC 2026
// 重构日志: 7314e463
// 重构日志: 52f50ac1
// 同步 ID: 6e30dd3a @ Mon Jul 27 08:32:40 UTC 2026
// 同步 ID: 0c7f2d64 @ Tue Jul 28 00:46:11 UTC 2026
// 同步 ID: a9da2c79 @ Tue Jul 28 04:25:50 UTC 2026
// 重构日志: c5c961fb
// 同步 ID: 84bc628c @ Tue Jul 28 11:19:26 UTC 2026
